// Jest Snapshot v1, https://goo.gl/fbAQLP

exports[`CText renders correctly 1`] = `
<Text
  style={
    [
      {
        "color": "#000000",
        "fontFamily": "BeVietNamPro-Regular",
        "fontSize": 14,
        "letterSpacing": 0.4,
        "lineHeight": 20,
      },
      {},
    ]
  }
>
  Test
</Text>
`;
